> Task :app:preBuild UP-TO-DATE
> Task :app:preDebugBuild UP-TO-DATE
> Task :app:mergeDebugNativeDebugMetadata NO-SOURCE
> Task :app:checkDebugAarMetadata UP-TO-DATE
> Task :app:processDebugNavigationResources UP-TO-DATE
> Task :app:compileDebugNavigationResources UP-TO-DATE
> Task :app:generateDebugResValues UP-TO-DATE
> Task :app:mapDebugSourceSetPaths UP-TO-DATE
> Task :app:generateDebugResources UP-TO-DATE
> Task :app:mergeDebugResources UP-TO-DATE
> Task :app:packageDebugResources UP-TO-DATE
> Task :app:parseDebugLocalResources UP-TO-DATE
> Task :app:createDebugCompatibleScreenManifests UP-TO-DATE
> Task :app:extractDeepLinksDebug UP-TO-DATE
> Task :app:processDebugMainManifest UP-TO-DATE
> Task :app:processDebugManifest UP-TO-DATE
> Task :app:processDebugManifestForPackage UP-TO-DATE
> Task :app:processDebugResources UP-TO-DATE
> Task :app:javaPreCompileDebug UP-TO-DATE
> Task :app:mergeDebugShaders UP-TO-DATE
> Task :app:compileDebugShaders NO-SOURCE
> Task :app:generateDebugAssets UP-TO-DATE
> Task :app:mergeDebugAssets UP-TO-DATE
> Task :app:compressDebugAssets UP-TO-DATE
> Task :app:checkDebugDuplicateClasses UP-TO-DATE
> Task :app:desugarDebugFileDependencies UP-TO-DATE
> Task :app:mergeExtDexDebug UP-TO-DATE
> Task :app:mergeLibDexDebug UP-TO-DATE
> Task :app:mergeDebugJniLibFolders UP-TO-DATE
> Task :app:mergeDebugNativeLibs NO-SOURCE
> Task :app:stripDebugDebugSymbols NO-SOURCE
> Task :app:validateSigningDebug UP-TO-DATE
> Task :app:writeDebugAppMetadata UP-TO-DATE
> Task :app:writeDebugSigningConfigVersions UP-TO-DATE

> Task :app:compileDebugKotlin FAILED
./gradlew : e: file:///D:/Proje
cts/Auralink/app/src/main/java/
com/auralink/services/AuralinkF
oregroundService.kt:198:16 
Unresolved reference: 
NotificationCompat
At line:1 char:1
+ ./gradlew assembleDebug > 
build_output.txt 2>&1
+ ~~~~~~~~~~~~~~~~~~~~~~~~~~~~~
~~~~~~~~~~~~~~~~~~
    + CategoryInfo          :  
   NotSpecified: (e: file:///  
  D:/P...ificationCompat:Str   
 ing) [], RemoteException
    + FullyQualifiedErrorId :  
   NativeCommandError
 


FAILURE: Build failed with an 
exception.

* What went wrong:
Execution failed for task 
':app:compileDebugKotlin'.
[Incubating] Problems report is available at: file:///D:/Projects/Auralink/build/reports/problems/problems-report.html
> A failure occurred while 
executing org.jetbrains.kotlin.
compilerRunner.GradleCompilerRu
nnerWithWorkers$GradleKotlinCom
pilerWorkAction
   > Compilation error. See 
log for more details

* Try:
> Run with --stacktrace option 
to get the stack trace.
> Run with --info or --debug 
option to get more log output.
> Run with --scan to get full 
insights.
> Get more help at 
https://help.gradle.org.

Deprecated Gradle features were used in this build, making it incompatible with Gradle 10.0.

You can use '--warning-mode all' to show the individual deprecation warnings and determine if they come from your own scripts or plugins.

For more on this, please refer to https://docs.gradle.org/9.0-milestone-1/userguide/command_line_interface.html#sec:command_line_warnings in the Gradle documentation.

BUILD FAILED in 21s
28 actionable tasks: 1 executed, 27 up-to-date
